<!doctype html>
<html lang="en">
<head>
<meta charset="utf-8" />
<meta name="viewport" content="width=device-width, initial-scale=1" />
<title>Welcome - Skipper</title>
<meta name="description" content="Skipper is a Kubernetes controller." />
<link rel="stylesheet" href="/skipper/style.css" />
</head>
<body>
<div class="layout">
<nav class="sidebar" aria-label="Site navigation"><ul class="sidebar-top">
  <li><a href="/skipper/">Introduction</a></li>
</ul>
<details class="sidebar-group" open>
  <summary>Guides</summary>
  <ul>
    <li><a href="/skipper/guides/routing/">Routing</a></li>
    <li><a href="/skipper/guides/scaling/">Scaling</a></li>
  </ul>
</details>
<details class="sidebar-group" open>
  <summary>Architecture</summary>
  <ul>
    <li><a href="/skipper/architecture/overview/">Overview</a></li>
  </ul>
</details>
<details class="sidebar-group" open>
  <summary>Reference</summary>
  <ul>
    <li><a href="/skipper/reference/api/">API</a></li>
  </ul>
</details>
<details class="sidebar-group" open>
  <summary>Contributing</summary>
  <ul>
    <li><a href="/skipper/contributing/workflow/">Workflow</a></li>
  </ul>
</details>
</nav>
<main class="content">
<h1>Welcome</h1>
<p>Welcome to skipper. See <a href="/skipper/guides/routing/">Routing</a> or read about us on <a href="https://github.com">GitHub</a>.</p>


</main>
</div>

</body>
</html>
