{
	"Function": {
		"namespace": "skipper-production",
		"deployment": "my-app",
		"tenant": "tenant-123",
		"metadata": "metadata-value",
		"scale": {
			"min_instances": 1,
			"max_instances": 10,
			"target_cpu_usage_milli": 500,
			"target_memory_usage_mib": 256,
			"target_in_flight_requests": 100
		}
	},
	"Heartbeat": {
		"function": {
			"namespace": "skipper-production",
			"deployment": "my-app",
			"tenant": "tenant-123",
			"metadata": "metadata-value",
			"scale": {
				"min_instances": 1,
				"max_instances": 10,
				"target_cpu_usage_milli": 500,
				"target_memory_usage_mib": 256,
				"target_in_flight_requests": 100
			}
		},
		"timestamp": "2024-01-15T10:30:00Z",
		"in_flight_requests": 42
	},
	"Instance": {
		"function": {
			"namespace": "skipper-production",
			"deployment": "my-app",
			"tenant": "tenant-123",
			"metadata": "metadata-value",
			"scale": {
				"min_instances": 1,
				"max_instances": 10,
				"target_cpu_usage_milli": 500,
				"target_memory_usage_mib": 256,
				"target_in_flight_requests": 100
			}
		},
		"name": "my-app-abc123",
		"addr": "10.0.0.1:8080",
		"replica_set": "my-app-5f4b8c",
		"assigned_at": "2024-01-15T10:30:00Z",
		"ready_at": "2024-01-15T10:30:05Z",
		"cpu_usage_milli": 250,
		"memory_usage_mib": 128
	},
	"Scale": {
		"min_instances": 1,
		"max_instances": 10,
		"target_cpu_usage_milli": 500,
		"target_memory_usage_mib": 256,
		"target_in_flight_requests": 100
	},
	"ScaleDecision": {
		"desired_instances": 3,
		"unclamped_desired_instances": 5,
		"reason": "SCALE_REASON_CPU",
		"metrics": [
			{
				"name": "cpu",
				"value": 0.75
			},
			{
				"name": "memory",
				"value": 0.5
			}
		]
	},
	"ScaleMetric": {
		"name": "in_flight_requests",
		"value": 1.5
	}
}
