Usage:
  skipper [command]

Available Commands:
  completion  Generate the autocompletion script for the specified shell
  controller  Start the controller
  help        Help about any command
  router      Start the router

Flags:
  -h, --help                                  help for skipper
      --log-format string                     The log format to use. (json, text) (env SKIPPER_LOG_FORMAT) (default "json")
      --log-level                             The log level to use. (trace, debug, info, warn, error) (env SKIPPER_LOG_LEVEL) (default INFO)
      --pprof                                 Whether to enable pprof. (env SKIPPER_PPROF) (default true)
      --pprof-host string                     The host to serve the pprof on. (env SKIPPER_PPROF_HOST) (default "0.0.0.0")
      --pprof-port int                        The port to serve the pprof on. (env SKIPPER_PPROF_PORT) (default 6060)
      --pprof-shutdown-timeout duration       The timeout for shutting down the pprof. (env SKIPPER_PPROF_SHUTDOWN_TIMEOUT) (default 5s)
      --telemetry                             Whether to enable OpenTelemetry. (env SKIPPER_TELEMETRY)
      --telemetry-metric                      Whether to enable metrics if telemetry is enabled. (env SKIPPER_TELEMETRY_METRIC) (default true)
      --telemetry-metric-otlp                 Whether to send metrics to the OTLP endpoint. (env SKIPPER_TELEMETRY_METRIC_OTLP)
      --telemetry-prometheus-host string      The host for the Prometheus metrics endpoint. (env SKIPPER_TELEMETRY_PROMETHEUS_HOST) (default "0.0.0.0")
      --telemetry-prometheus-port int         The port for the Prometheus metrics endpoint. (env SKIPPER_TELEMETRY_PROMETHEUS_PORT) (default 9090)
      --telemetry-shutdown-timeout duration   The timeout for shutting down the telemetry. (env SKIPPER_TELEMETRY_SHUTDOWN_TIMEOUT) (default 5s)
      --telemetry-trace                       Whether to enable tracing if telemetry is enabled. (env SKIPPER_TELEMETRY_TRACE) (default true)

Use "skipper [command] --help" for more information about a command.
