{
	"Function": {
		"namespace": "skipper-production",
		"deployment": "my-app",
		"tenant": "tenant-123",
		"metadata": "metadata-value",
		"scale": {
			"min_instances": 1,
			"max_instances": 10,
			"target_cpu_usage_milli": 500,
			"target_memory_usage_mib": 256,
			"target_in_flight_requests": 100
		}
	},
	"Heartbeat": {
		"function": {
			"namespace": "skipper-production",
			"deployment": "my-app",
			"tenant": "tenant-123",
			"metadata": "metadata-value",
			"scale": {
				"min_instances": 1,
				"max_instances": 10,
				"target_cpu_usage_milli": 500,
				"target_memory_usage_mib": 256,
				"target_in_flight_requests": 100
			}
		},
		"timestamp": "2024-01-15T10:30:00Z",
		"in_flight_requests": 42
	},
	"Instance": {
		"namespace": "skipper-production",
		"deployment": "my-app",
		"tenant": "tenant-123",
		"metadata": "metadata-value",
		"scale": {
			"min_instances": 1,
			"max_instances": 10,
			"target_cpu_usage_milli": 500,
			"target_memory_usage_mib": 256,
			"target_in_flight_requests": 100
		},
		"Name": "my-app-abc123",
		"Addr": "10.0.0.1:8080",
		"ReplicaSet": "my-app-5f4b8c",
		"AssignedAt": "2024-01-15T10:30:00Z",
		"ReadyAt": "2024-01-15T10:30:05Z",
		"CPUUsageMilli": 250,
		"MemoryUsageMiB": 128
	},
	"Scale": {
		"min_instances": 1,
		"max_instances": 10,
		"target_cpu_usage_milli": 500,
		"target_memory_usage_mib": 256,
		"target_in_flight_requests": 100
	},
	"ScalingDecision": {
		"DesiredInstances": 3,
		"UnclampedDesiredInstances": 5,
		"Reason": "cpu",
		"Metrics": [
			{
				"Name": "cpu",
				"Value": 0.75
			},
			{
				"Name": "memory",
				"Value": 0.5
			}
		]
	},
	"ScalingMetric": {
		"Name": "in_flight_requests",
		"Value": 1.5
	}
}
